---
source: tests/rojo_test/syncback_util.rs
expression: normalized_stdout
---
Writing default.project.json5
Writing src/adjacent.luau
Writing src/adjacent.meta.json5
Writing src/init/init.meta.json5
Writing src/model.model.json5
Writing src/init
Created sourcemap at <TEMP>/schema_roundtrip\sourcemap.json
