---
source: tests/tests/syncback.rs
expression: container.model.json5
---
{
  children: [
    {
      attributes: {
        Rojo_Id: "value_1",
        Rojo_Ref_Value: "ReplicatedStorage/container/value_1"
      },
      className: "ObjectValue",
      name: "value_1"
    },
    {
      attributes: {
        Rojo_Id: "value_1",
        Rojo_Ref_Value: "ReplicatedStorage/container/value_2"
      },
      className: "ObjectValue",
      name: "value_2"
    }
  ],
  className: "Folder"
}
