---
source: tests/rojo_test/syncback_util.rs
expression: src/MyModule.rbxm
---
num_types: 2
num_instances: 3
chunks:
  - Inst:
      type_id: 0
      type_name: Folder
      object_format: 0
      referents:
        - 0
        - 1
  - Inst:
      type_id: 1
      type_name: ModuleScript
      object_format: 0
      referents:
        - 2
  - Prop:
      type_id: 0
      prop_name: Name
      prop_type: String
      values:
        - Child
        - Child
  - Prop:
      type_id: 1
      prop_name: Name
      prop_type: String
      values:
        - MyModule
  - Prop:
      type_id: 1
      prop_name: Source
      prop_type: String
      values:
        - "return {}"
  - Prnt:
      version: 0
      links:
        - - 0
          - 2
        - - 1
          - 2
        - - 2
          - -1
  - End
