---
source: tests/rojo_test/syncback_util.rs
expression: normalized_stdout
---
Writing src/Pointer_1.model.json5
Writing src/Pointer_2.model.json5
Writing src/Target/init.meta.json5
Writing src/Target
Removing src/Target.model.json5
Created sourcemap at <TEMP>/ref_properties_duplicate\sourcemap.json
