---
source: tests/tests/build.rs
expression: contents
---
<roblox version="4">
  <Item class="Folder" referent="0">
    <Properties>
      <string name="Name">dedup_suffix_auto_strip</string>
    </Properties>
    <Item class="ModuleScript" referent="1">
      <Properties>
        <string name="Name">Baz~0</string>
        <string name="Source"><![CDATA[return "not a dedup suffix"
]]></string>
      </Properties>
    </Item>
    <Item class="ModuleScript" referent="2">
      <Properties>
        <string name="Name">Foo</string>
        <string name="Source"><![CDATA[return "first"
]]></string>
      </Properties>
    </Item>
    <Item class="ModuleScript" referent="3">
      <Properties>
        <string name="Name">Foo</string>
        <string name="Source"><![CDATA[return "second"
]]></string>
      </Properties>
    </Item>
  </Item>
</roblox>
