---
source: tests/tests/build.rs
expression: contents
---
<roblox version="4">
  <Item class="Script" referent="0">
    <Properties>
      <string name="Name">issue_546</string>
      <bool name="Disabled">true</bool>
      <token name="RunContext">2</token>
      <string name="Source">print("Hello, world!")</string>
    </Properties>
  </Item>
</roblox>
