---
source: tests/tests/build.rs
assertion_line: 106
expression: contents
---
<roblox version="4">
  <Item class="Folder" referent="0">
    <Properties>
      <string name="Name">json_model_legacy_name</string>
    </Properties>
    <Item class="Folder" referent="1">
      <Properties>
        <string name="Name">Overridden Name</string>
      </Properties>
    </Item>
  </Item>
</roblox>
