---
source: tests/tests/build.rs
expression: contents
---
<roblox version="4">
  <Item class="Folder" referent="0">
    <Properties>
      <string name="Name">tilde_no_meta</string>
    </Properties>
    <Item class="ModuleScript" referent="1">
      <Properties>
        <string name="Name">Foo~1</string>
        <string name="Source"><![CDATA[-- Tilde in filename without meta should produce instance name "Foo~1"
return nil
]]></string>
      </Properties>
    </Item>
  </Item>
</roblox>
