---
source: src/snapshot_middleware/dir.rs
expression: instance_snapshot
---
snapshot_id: "00000000000000000000000000000000"
metadata:
  ignore_unknown_instances: false
  instigating_source:
    Path: /foo
  relevant_paths:
    - /foo
    - /foo/init.luau
    - /foo/init.server.luau
    - /foo/init.client.luau
    - /foo/init.local.luau
    - /foo/init.legacy.luau
    - /foo/init.csv
    - /foo/init.lua
    - /foo/init.server.lua
    - /foo/init.client.lua
    - /foo/init.meta.json5
  context: {}
  specified_id: ~
  middleware: ~
  schema: ~
name: foo
class_name: Folder
properties: {}
children:
  - snapshot_id: "00000000000000000000000000000000"
    metadata:
      ignore_unknown_instances: false
      instigating_source:
        Path: /foo/Child
      relevant_paths:
        - /foo/Child
        - /foo/Child/init.luau
        - /foo/Child/init.server.luau
        - /foo/Child/init.client.luau
        - /foo/Child/init.local.luau
        - /foo/Child/init.legacy.luau
        - /foo/Child/init.csv
        - /foo/Child/init.lua
        - /foo/Child/init.server.lua
        - /foo/Child/init.client.lua
        - /foo/Child/init.meta.json5
      context: {}
      specified_id: ~
      middleware: dir
      schema: ~
    name: Child
    class_name: Folder
    properties: {}
    children: []
