---
source: src/snapshot_middleware/dir.rs
expression: instance_snapshot
---
snapshot_id: "00000000000000000000000000000000"
metadata:
  ignore_unknown_instances: false
  instigating_source:
    Path: /foo
  relevant_paths:
    - /foo
    - /foo/init.luau
    - /foo/init.server.luau
    - /foo/init.client.luau
    - /foo/init.local.luau
    - /foo/init.legacy.luau
    - /foo/init.csv
    - /foo/init.meta.json5
  context:
    decode_windows_invalid_chars: true
  specified_id: ~
  middleware: ~
  schema: ~
name: foo
class_name: Folder
properties: {}
children: []
