---
source: src/snapshot_middleware/csv.rs
expression: instance_snapshot
---
snapshot_id: "00000000000000000000000000000000"
metadata:
  ignore_unknown_instances: false
  instigating_source:
    Path: /foo.csv
  relevant_paths:
    - /foo.csv
    - /foo.meta.json
    - /foo.meta.jsonc
    - /foo.meta.json5
  context:
    decode_windows_invalid_chars: true
  specified_id: ~
  middleware: ~
  schema: ~
name: foo
class_name: LocalizationTable
properties:
  Contents:
    String: "[\n  {\n    key: \"Ack\",\n    example: \"An exclamation of despair\",\n    source: \"Ack!\",\n    values: {\n      es: \"¡Ay!\",\n    },\n  },\n]"
children: []
