---
source: src/snapshot_middleware/lua.rs
expression: instance_snapshot
---
snapshot_id: "00000000000000000000000000000000"
metadata:
  ignore_unknown_instances: true
  instigating_source:
    Path: /foo.server.luau
  relevant_paths:
    - /foo.server.luau
    - /foo.meta.json5
  context:
    decode_windows_invalid_chars: true
  specified_id: ~
  middleware: ~
  schema: ~
name: foo
class_name: Script
properties:
  RunContext:
    Enum: 1
  Source:
    String: Hello there!
children: []
