---
source: src/snapshot_middleware/lua.rs
expression: instance_snapshot
---
snapshot_id: "00000000000000000000000000000000"
metadata:
  ignore_unknown_instances: false
  instigating_source:
    Path: /root/init.luau
  relevant_paths:
    - /root
    - /root/init.luau
    - /root/init.server.luau
    - /root/init.client.luau
    - /root/init.local.luau
    - /root/init.legacy.luau
    - /root/init.csv
    - /root/init.meta.json5
  context:
    decode_windows_invalid_chars: true
  specified_id: manually specified
  middleware: ~
  schema: ~
name: root
class_name: ModuleScript
properties:
  Source:
    String: Hello!
children: []
