---
source: tests/tests/connected_mode.rs
expression: "socket_packet.intern_and_redact(&mut redactions, ())"
---
body:
  messageCursor: 1
  messages:
    - added: {}
      removed: []
      updated:
        - changedClassName: Folder
          changedMetadata:
            ignoreUnknownInstances: false
          changedName: ~
          changedProperties:
            Source: ~
          id: id-3
packetType: messages
sessionId: id-1
