---
source: tests/tests/connected_mode.rs
expression: "socket_packet.intern_and_redact(&mut redactions, ())"
---
body:
  messageCursor: 1
  messages:
    - added: {}
      removed: []
      updated:
        - changedClassName: Script
          changedMetadata:
            ignoreUnknownInstances: false
          changedName: ~
          changedProperties:
            RunContext:
              "!Enum": 1
          id: id-6
packetType: messages
sessionId: id-1
