---
source: tests/tests/connected_mode.rs
expression: "socket_packet.intern_and_redact(&mut redactions, ())"
---
body:
  messageCursor: "[message-cursor]"
  messages:
    - added:
        id-7:
          Children: []
          ClassName: Folder
          Id: id-7
          Metadata:
            ignoreUnknownInstances: false
          Name: NewModel
          Parent: id-3
          Properties: {}
      removed: []
      updated: []
packetType: messages
sessionId: id-1
