---
source: tests/tests/connected_mode.rs
expression: "socket_packet.intern_and_redact(&mut redactions, ())"
---
body:
  messageCursor: 1
  messages:
    - added:
        id-13:
          Children: []
          ClassName: ModuleScript
          Id: id-13
          Metadata:
            ignoreUnknownInstances: false
          Name: New/Slug
          Parent: id-3
          Properties:
            Source:
              "!String": "-- new slug\nreturn 'new'"
      removed: []
      updated: []
packetType: messages
sessionId: id-1
