---
source: tests/tests/serve.rs
expression: redactions.redacted_yaml(info)
---
ignoreHiddenServices: true
projectName: top-level
protocolVersion: 6
rootInstanceId: id-2
serverFork: atlas
serverVersion: "[server-version]"
sessionId: id-1
syncSourceOnly: true
visibleServices:
  - Lighting
  - MaterialService
  - ReplicatedFirst
  - ReplicatedStorage
  - ServerScriptService
  - ServerStorage
  - SoundService
  - StarterGui
  - StarterPack
  - StarterPlayer
  - Teams
  - TextChatService
  - VoiceChatService
  - Workspace
