---
source: tests/tests/serve.rs
expression: "socket_packet.intern_and_redact(&mut redactions, ())"
---
body:
  messageCursor: 1
  messages:
    - added:
        id-11:
          Children: []
          ClassName: Model
          Id: id-11
          Metadata:
            ignoreUnknownInstances: false
          Name: ProjectPointer
          Parent: id-7
          Properties:
            Attributes:
              "!Attributes": {}
            NeedsPivotMigration:
              "!Bool": false
            PrimaryPart:
              "!Ref": a014b12bf90014847f564374c73a5f38
      removed: []
      updated:
        - changedClassName: ~
          changedMetadata:
            ignoreUnknownInstances: false
          changedName: ~
          changedProperties:
            Attributes:
              "!Attributes":
                Rojo_Id:
                  "!String": model target 2
          id: id-7
        - changedClassName: ~
          changedMetadata: ~
          changedName: ~
          changedProperties:
            Attributes:
              "!Attributes":
                Rojo_Target_PrimaryPart:
                  "!String": model target 2
            PrimaryPart: ~
          id: id-8
packetType: messages
sessionId: id-1
