---
source: tests/tests/serve.rs
expression: "socket_packet.intern_and_redact(&mut redactions, ())"
---
body:
  messageCursor: "[message-cursor]"
  messages:
    - added:
        id-11:
          Children: []
          ClassName: Model
          Id: id-11
          Metadata:
            ignoreUnknownInstances: false
          Name: ProjectPointer
          Parent: id-7
          Properties:
            Attributes:
              "!Attributes": {}
            NeedsPivotMigration:
              "!Bool": false
            PrimaryPart:
              "!Ref": id-9
      removed: []
      updated:
        - changedClassName: ~
          changedMetadata:
            ignoreUnknownInstances: false
          changedName: ~
          changedProperties:
            Attributes:
              "!Attributes": {}
          id: id-7
packetType: messages
sessionId: id-1
