---
source: tests/tests/connected_mode.rs
expression: "packet.intern_and_redact(&mut redactions, ())"
---
body:
  messageCursor: 4
  messages:
    - added:
        id-15:
          Children: []
          ClassName: ModuleScript
          Id: id-15
          Metadata:
            ignoreUnknownInstances: false
          Name: Renamed
          Parent: id-3
          Properties:
            Source:
              "!String": "-- edited script\nreturn 2"
      removed: []
      updated: []
packetType: messages
sessionId: id-1
