---
source: tests/tests/connected_mode.rs
expression: "packet.intern_and_redact(&mut redactions, ())"
---
body:
  messageCursor: "[message-cursor]"
  messages:
    - added: {}
      removed: []
      updated:
        - changedClassName: ~
          changedMetadata:
            ignoreUnknownInstances: false
          changedName: What_Module
          changedProperties: {}
          id: id-3
packetType: messages
sessionId: id-1
